kiran@kiran-LIFEBOOK-A555:~/spos assignment n writeup/Assignment 09/ass9$ lex prog.l
kiran@kiran-LIFEBOOK-A555:~/spos assignment n writeup/Assignment 09/ass9$ yacc prog.y
kiran@kiran-LIFEBOOK-A555:~/spos assignment n writeup/Assignment 09/ass9$ gcc lex.yy.c y.tab.c
y.tab.c: In function ‘yyparse’:
y.tab.c:1124:16: warning: implicit declaration of function ‘yylex’ [-Wimplicit-function-declaration]
       yychar = yylex ();
                ^~~~~
y.tab.c:1262:7: warning: implicit declaration of function ‘yyerror’; did you mean ‘yyerrok’? [-Wimplicit-function-declaration]
       yyerror (YY_("syntax error"));
       ^~~~~~~
       yyerrok
kiran@kiran-LIFEBOOK-A555:~/spos assignment n writeup/Assignment 09/ass9$ ./a.out
Enter the expression: int a ;
  Valid

kiran@kiran-LIFEBOOK-A555:~/spos assignment n writeup/Assignment 09/ass9$ ./a.out
Enter the expression: float a,b;
 Valid

kiran@kiran-LIFEBOOK-A555:~/spos assignment n writeup/Assignment 09/ass9$ ./a.out
Enter the expression: double a=10;
 Valid
kiran@kiran-LIFEBOOK-A555:~/spos assignment n writeup/Assignment 09/ass9$ 

