kiran@kiran-LIFEBOOK-A555:~/spos assignment n writeup/Assignment 09/B4-Validate$ lex validate.l
kiran@kiran-LIFEBOOK-A555:~/spos assignment n writeup/Assignment 09/B4-Validate$ yacc validate.y
kiran@kiran-LIFEBOOK-A555:~/spos assignment n writeup/Assignment 09/B4-Validate$ gcc lex.yy.c y.tab.c
y.tab.c: In function ‘yyparse’:
y.tab.c:1123:16: warning: implicit declaration of function ‘yylex’ [-Wimplicit-function-declaration]
       yychar = yylex ();
                ^~~~~
validate.y:7:24: warning: implicit declaration of function ‘exit’ [-Wimplicit-function-declaration]
 start1:DT varlist SC {printf("valid\n");exit(0);};
                        ^~~~
validate.y:7:24: warning: incompatible implicit declaration of built-in function ‘exit’
validate.y:7:24: note: include ‘<stdlib.h>’ or provide a declaration of ‘exit’
y.tab.c:1258:7: warning: implicit declaration of function ‘yyerror’; did you mean ‘yyerrok’? [-Wimplicit-function-declaration]
       yyerror (YY_("syntax error"));
       ^~~~~~~
       yyerrok
validate.y: At top level:
validate.y:14:1: warning: return type defaults to ‘int’ [-Wimplicit-int]
 main()
 ^~~~
kiran@kiran-LIFEBOOK-A555:~/spos assignment n writeup/Assignment 09/B4-Validate$ ./a.out 
Enter the exp: int a=10 ;
  valid
kiran@kiran-LIFEBOOK-A555:~/spos assignment n writeup/Assignment 09/B4-Validate$ ./a.out
Enter the exp: int a;
 valid
kiran@kiran-LIFEBOOK-A555:~/spos assignment n writeup/Assignment 09/B4-Validate$ ./a.out
Enter the exp: float c,b=10;
 valid
kiran@kiran-LIFEBOOK-A555:~/spos assignment n writeup/Assignment 09/B4-Validate$ 


